################################################################################
#                                                                              #
#      IAR Universal Linker V6.5.4.100                                         #
#                                                                              #
#           Link time     =  02/Mar/2020  14:38:43                             #
#           Target CPU    =  MSP430                                            #
#           List file     =  C:\Users\platy\Desktop\ECE-306_Code\Project_06\De #
#                            bug\List\Project_06.map                           #
#           Output file 1 =  C:\Users\platy\Desktop\ECE-306_Code\Project_06\De #
#                            bug\Exe\Project_06.d43                            #
#                            Format: ubrof10                                   #
#                            UBROF version 10.0.6                              #
#                            Using library modules for C-SPY (-rt)             #
#           Command line  =  -f C:\Users\platy\AppData\Local\Temp\EW19E1.tmp   #
#                            (C:\Users\platy\Desktop\ECE-306_Code\Project_06\D #
#                            ebug\Obj\ADC.r43                                  #
#                            C:\Users\platy\Desktop\ECE-306_Code\Project_06\De #
#                            bug\Obj\clocks.r43                                #
#                            C:\Users\platy\Desktop\ECE-306_Code\Project_06\De #
#                            bug\Obj\init.r43                                  #
#                            C:\Users\platy\Desktop\ECE-306_Code\Project_06\De #
#                            bug\Obj\interrupt_ports.r43                       #
#                            C:\Users\platy\Desktop\ECE-306_Code\Project_06\De #
#                            bug\Obj\interrupt_timers.r43                      #
#                            C:\Users\platy\Desktop\ECE-306_Code\Project_06\Co #
#                            mpiled\LCD.r43                                    #
#                            C:\Users\platy\Desktop\ECE-306_Code\Project_06\De #
#                            bug\Obj\led.r43                                   #
#                            C:\Users\platy\Desktop\ECE-306_Code\Project_06\De #
#                            bug\Obj\main.r43                                  #
#                            C:\Users\platy\Desktop\ECE-306_Code\Project_06\De #
#                            bug\Obj\ports.r43                                 #
#                            C:\Users\platy\Desktop\ECE-306_Code\Project_06\De #
#                            bug\Obj\switches.r43                              #
#                            C:\Users\platy\Desktop\ECE-306_Code\Project_06\De #
#                            bug\Obj\system.r43                                #
#                            C:\Users\platy\Desktop\ECE-306_Code\Project_06\De #
#                            bug\Obj\timers.r43                                #
#                            C:\Users\platy\Desktop\ECE-306_Code\Project_06\De #
#                            bug\Obj\wheels.r43                                #
#                            -o                                                #
#                            C:\Users\platy\Desktop\ECE-306_Code\Project_06\De #
#                            bug\Exe\Project_06.d43                            #
#                            -l                                                #
#                            C:\Users\platy\Desktop\ECE-306_Code\Project_06\De #
#                            bug\List\Project_06.map                           #
#                            -xesni                                            #
#                            "-IC:\Program Files (x86)\IAR Systems\Embedded Wo #
#                            rkbench 8.0\430\LIB\"                             #
#                            -f                                                #
#                            "C:\Program Files (x86)\IAR Systems\Embedded Work #
#                            bench 8.0\430\config\linker\lnk430fr2355.xcl"     #
#                            (-cmsp430 -QCODE_I=CODE_ID -QTLS16_I=TLS16_ID     #
#                            -D__iar_HWMUL=4C0 -Z(CONST)INFO=1800-19FF         #
#                            -Z(DATA)TINYRAM=0006-001F                         #
#                            -Z(DATA)DATA16_I,DATA16_Z,DATA16_N,TLS16_I=2000-2 #
#                            FFF                                               #
#                            -Z(DATA)CODE_I                                    #
#                            -Z(DATA)DATA20_I,DATA20_Z,DATA20_N                #
#                            -Z(DATA)CSTACK+_STACK_SIZE#                       #
#                            -Z(CONST)FRWP_B1,DATA16_P,DATA20_P=8000-FF7F      #
#                            -Z(DATA)DATA16_HEAP+_DATA16_HEAP_SIZE,DATA20_HEAP #
#                            +_DATA20_HEAP_SIZE,FRWP_B2                        #
#                            -Z(CONST)DATA16_C,DATA16_ID,TLS16_ID,DIFUNCT,CHEC #
#                            KSUM=8000-FF7F                                    #
#                            -Z(CONST)DATA20_C,DATA20_ID                       #
#                            -Z(CODE)CSTART,ISR_CODE,CODE_ID=8000-FF7F         #
#                            -P(CODE)CODE,CODE16=8000-FF7F                     #
#                            -Z(CONST)BSLCONFIGURATIONSIGNATURE=FF88-FF89      #
#                            -Z(CONST)BSLCONFIGURATION=FF8A-FF8B               #
#                            -Z(CONST)BSLI2CADDRESS=FFA0-FFA1                  #
#                            -Z(CONST)JTAGSIGNATURE=FF80-FF83                  #
#                            -Z(CONST)BSLSIGNATURE=FF84-FF87                   #
#                            -Z(CODE)INTVEC=FFA2-FFFF                          #
#                            -Z(CODE)RESET=FFFE-FFFF) -f                       #
#                            "C:\Program Files (x86)\IAR Systems\Embedded Work #
#                            bench 8.0\430\config\linker\multiplier32.xcl"     #
#                            (-e?Mul8Hw=?Mul8 -e?Mul16Hw=?Mul16                #
#                            -e?Mul16to32uHw=?Mul16to32u                       #
#                            -e?Mul16to32sHw=?Mul16to32s -e?Mul32Hw32=?Mul32   #
#                            -e?Mul64Hw32=_Mul64i                              #
#                            -e?Mul32u32uto64iHw32=_Mul32u32uto64i             #
#                            -e?Mul32fHw32=_Mul32f                             #
#                            -e_Mul64fHw32Ptr=_Mul64fPtr) -D_STACK_SIZE=A0     #
#                            -rt                                               #
#                            "C:\Program Files (x86)\IAR Systems\Embedded Work #
#                            bench 8.0\430\lib\dlib\dl430xlsfn.r43"            #
#                            -e_PrintfLarge=_Printf -e_ScanfLarge=_Scanf       #
#                            -D_DATA16_HEAP_SIZE=A0 -s __program_start         #
#                            -D_DATA20_HEAP_SIZE=50)                           #
#                                                                              #
#                           Copyright (C) 1987-2018 IAR Systems AB.            #
################################################################################





                ****************************************
                *                                      *
                *           CROSS REFERENCE            *
                *                                      *
                ****************************************

       Program entry at :           8036  Relocatable, from module : ?cstart




                ****************************************
                *                                      *
                *            RUNTIME MODEL             *
                *                                      *
                ****************************************

  __Heap_Handler             = Basic
  __SystemLibrary            = DLib
  __code_model               = large
  __core                     = 430X
  __data_model               = small
  __dlib_file_descriptor     = 0
  __dlib_full_locale_support = 0
  __double_size              = 32
  __pic                      = no
  __reg_r4                   = free
  __reg_r5                   = free
  __rt_version               = 3

                ****************************************
                *                                      *
                *    AUTOMATIC SYMBOL REDIRECTIONS     *
                *                                      *
                ****************************************

                  There are no automatic symbol redirections.

                ****************************************
                *                                      *
                *              ENTRY LIST              *
                *                                      *
                ****************************************

Module  Entry                              Address
------  -----                              -------
?FILLER_BYTES
?ABS_ENTRY_MOD
        _DATA20_HEAP_SIZE                   0050
        _DATA16_HEAP_SIZE                   00A0
        _STACK_SIZE                         00A0
        __iar_HWMUL                         04C0
ADC ( C:\Users\platy\Desktop\ECE-306_Code\Project_06\Debug\Obj\ADC.r43 )
        _A_PBOUT_L                          0222
        adc_char                            2034
        display_Buffer                      2002
        HEXtoBCD                            85CA
        adc_line4                           8B3A
        adc_line2                           8B9C
        adc_line3                           8B6C
        emitter_Off                         8E1C
        emitter_On                          8E14
        clear_adc_char                      NOT NEEDED
        ?setjmp_save_r4                     NOT NEEDED
        ?setjmp_save_r5                     NOT NEEDED
        PBOUT                               0222
        PBOUT_H                             0223
        PBOUT_L                             0222
clocks ( C:\Users\platy\Desktop\ECE-306_Code\Project_06\Debug\Obj\clocks.r43 )
        _A_CSCTL0_L                         0180
        _A_CSCTL1_L                         0182
        _A_CSCTL2_L                         0184
        _A_CSCTL3_L                         0186
        _A_CSCTL4_L                         0188
        _A_CSCTL5_L                         018A
        _A_CSCTL7_L                         018E
        _A_PM5CTL0_L                        0130
        _A_SFRIFG1_L                        0102
        _A_WDTCTL_L                         01CC
        Init_Clocks                         8856
        Software_Trim                       839A
        ?setjmp_save_r4                     NOT NEEDED
        ?setjmp_save_r5                     NOT NEEDED
        CSCTL0                              0180
        CSCTL0_H                            0181
        CSCTL0_L                            0180
        CSCTL1                              0182
        CSCTL1_H                            0183
        CSCTL1_L                            0182
        CSCTL2                              0184
        CSCTL2_H                            0185
        CSCTL2_L                            0184
        CSCTL3                              0186
        CSCTL3_H                            0187
        CSCTL3_L                            0186
        CSCTL4                              0188
        CSCTL4_H                            0189
        CSCTL4_L                            0188
        CSCTL5                              018A
        CSCTL5_H                            018B
        CSCTL5_L                            018A
        CSCTL7                              018E
        CSCTL7_H                            018F
        CSCTL7_L                            018E
        PM5CTL0                             0130
        PM5CTL0_H                           0131
        PM5CTL0_L                           0130
        SFRIFG1                             0102
        SFRIFG1_H                           0103
        SFRIFG1_L                           0102
        WDTCTL                              01CC
        WDTCTL_H                            01CD
        WDTCTL_L                            01CC
init ( C:\Users\platy\Desktop\ECE-306_Code\Project_06\Debug\Obj\init.r43 )
        _A_ADCCTL0_L                        0700
        _A_ADCCTL1_L                        0702
        _A_ADCCTL2_L                        0704
        _A_ADCMCTL0_L                       070A
        _A_ADCIE_L                          071A
        _A_TB3CCR1_L                        0454
        _A_TB3CCR2_L                        0456
        _A_TB3CCR3_L                        0458
        _A_TB3CCR4_L                        045A
        enable_interrupts                   8E04
        Init_Timers                         8E0C
        Init_ADC                            87E8
        Init_Wheels                         8DB8
        Init_Conditions                     89DE
        ?setjmp_save_r4                     NOT NEEDED
        ?setjmp_save_r5                     NOT NEEDED
        ADCCTL0                             0700
        ADCCTL0_H                           0701
        ADCCTL0_L                           0700
        ADCCTL1                             0702
        ADCCTL1_H                           0703
        ADCCTL1_L                           0702
        ADCCTL2                             0704
        ADCCTL2_H                           0705
        ADCCTL2_L                           0704
        ADCMCTL0                            070A
        ADCMCTL0_H                          070B
        ADCMCTL0_L                          070A
        ADCIE                               071A
        ADCIE_H                             071B
        ADCIE_L                             071A
        TB3CCR1                             0454
        TB3CCR1_H                           0455
        TB3CCR1_L                           0454
        TB3CCR2                             0456
        TB3CCR2_H                           0457
        TB3CCR2_L                           0456
        TB3CCR3                             0458
        TB3CCR3_H                           0459
        TB3CCR3_L                           0458
        TB3CCR4                             045A
        TB3CCR4_H                           045B
        TB3CCR4_L                           045A
interrupt_ports ( C:\Users\platy\Desktop\ECE-306_Code\Project_06\Debug\Obj\interrupt_ports.r43 )
        _A_ADCCTL0_L                        NOT NEEDED
        _A_ADCMCTL0_L                       NOT NEEDED
        _A_ADCMEM0_L                        0712
        _A_ADCIV_L                          071E
        _A_PAIE_L                           021A
        _A_PAIFG_L                          021C
        _A_PBIE_L                           023A
        _A_PBIFG_L                          023C
        _A_TB0CCTL1_L                       0384
        debounce_flag_SW1                   200A
        debounce_flag_SW2                   200C
        emitter_flag                        2000
        ADC_Channel                         200E
        ADC_Left_Detect                     2010
        ADC_Right_Detect                    2012
        ADC_Thumb                           2014
        switchP4_interrupt                  805E
        switchP2_interrupt                  8080
        ADC_ISR                             80BA
        switchP4_interrupt::??INTVEC 44     FFCE
        switchP2_interrupt::??INTVEC 48     FFD2
        ADC_ISR::??INTVEC 58                FFDC
        ?setjmp_save_r4                     NOT NEEDED
        ?setjmp_save_r5                     NOT NEEDED
        ADCCTL0                             0700
        ADCCTL0_H                           0701
        ADCCTL0_L                           0700
        ADCMCTL0                            070A
        ADCMCTL0_H                          070B
        ADCMCTL0_L                          070A
        ADCMEM0                             0712
        ADCMEM0_H                           0713
        ADCMEM0_L                           0712
        ADCIV                               071E
        ADCIV_H                             071F
        ADCIV_L                             071E
        PAIE                                021A
        PAIE_H                              021B
        PAIE_L                              021A
        PAIFG                               021C
        PAIFG_H                             021D
        PAIFG_L                             021C
        PBIE                                023A
        PBIE_H                              023B
        PBIE_L                              023A
        PBIFG                               023C
        PBIFG_H                             023D
        PBIFG_L                             023C
        TB0CCTL1                            0384
        TB0CCTL1_H                          0385
        TB0CCTL1_L                          0384
interrupt_timers ( C:\Users\platy\Desktop\ECE-306_Code\Project_06\Debug\Obj\interrupt_timers.r43 )
        _A_PAIE_L                           NOT NEEDED
        _A_PBIE_L                           NOT NEEDED
        _A_TB0CCTL0_L                       0382
        _A_TB0CCTL1_L                       NOT NEEDED
        _A_TB0CCR0_L                        0392
        _A_TB0CCR1_L                        0394
        _A_TB0CCR2_L                        0396
        _A_TB0IV_L                          03AE
        CCR0_COUNT                          2016
        display_count                       2018
        one_second_count                    201A
        one_second_flag                     201C
        debounce_count_SW1                  201E
        debounce_count_SW2                  2020
        Time_Sequence                       2022
        TIMER0_B0_ISR                       8174
        TIMER0_B1_ISR                       81F2
        TIMER0_B1_ISR::??INTVEC 84          FFF6
        TIMER0_B0_ISR::??INTVEC 86          FFF8
        ?setjmp_save_r4                     NOT NEEDED
        ?setjmp_save_r5                     NOT NEEDED
        PAIE                                021A
        PAIE_H                              021B
        PAIE_L                              021A
        PBIE                                023A
        PBIE_H                              023B
        PBIE_L                              023A
        TB0CCTL0                            0382
        TB0CCTL0_H                          0383
        TB0CCTL0_L                          0382
        TB0CCTL1                            0384
        TB0CCTL1_H                          0385
        TB0CCTL1_L                          0384
        TB0CCR0                             0392
        TB0CCR0_H                           0393
        TB0CCR0_L                           0392
        TB0CCR1                             0394
        TB0CCR1_H                           0395
        TB0CCR1_L                           0394
        TB0CCR2                             0396
        TB0CCR2_H                           0397
        TB0CCR2_L                           0396
        TB0IV                               03AE
        TB0IV_H                             03AF
        TB0IV_L                             03AE
LCD ( C:\Users\platy\Desktop\ECE-306_Code\Project_06\Compiled\LCD.r43 )
        _A_PBOUT_L                          NOT NEEDED
        _A_TB0CCTL2_L                       0386
        _A_TB0CCR2_L                        NOT NEEDED
        _A_UCB1CTLW0_L                      05C0
        _A_UCB1BRW_L                        05C6
        _A_UCB1RXBUF_L                      05CC
        _A_UCB1TXBUF_L                      05CE
        _A_UCB1IFG_L                        05EC
        current_character                   2039
        update_display_count                2024
        display_update_time                 NOT NEEDED
        update_display                      203A
        display_changed                     203B
        lcd_control                         NOT NEEDED
        display_line                        203C
        display                             2026
        posi_L1                             NOT NEEDED
        posi_L2                             NOT NEEDED
        posi_L3                             NOT NEEDED
        posi_L4                             NOT NEEDED
        char_count                          NOT NEEDED
        current_line                        NOT NEEDED
        LCD_test                            NOT NEEDED
        spi_chipselect_idle                 8D82
        spi_chipselect_active               8DF8
        spi_reset_idle                      8E24
        spi_reset_active                    8E2A
        Display_Process                     8C3C
        Display_Update                      8A76
        enable_display_update               8DEA
        update_string                       8C7A
        Init_LCD                            852E
        lcd_4line                           NOT NEEDED
        lcd_BIG_mid                         NOT NEEDED
        lcd_out                             8C18
        lcd_puts                            NOT NEEDED
        WriteIns                            8BF2
        WriteData                           8BCC
        CheckBusy                           NOT NEEDED
        ClrDisplay                          8CF4
        ClrDisplay_Buffer_0                 8D46
        ClrDisplay_Buffer_1                 8D32
        ClrDisplay_Buffer_2                 8D1E
        ClrDisplay_Buffer_3                 8D5A
        SetPostion                          NOT NEEDED
        DisplayOnOff                        8D6E
        Init_SPI_B1                         8AFC
        SPI_B1_write                        8C5E
        ?setjmp_save_r4                     NOT NEEDED
        ?setjmp_save_r5                     NOT NEEDED
        PBOUT                               0222
        PBOUT_H                             0223
        PBOUT_L                             0222
        TB0CCTL2                            0386
        TB0CCTL2_H                          0387
        TB0CCTL2_L                          0386
        TB0CCR2                             0396
        TB0CCR2_H                           0397
        TB0CCR2_L                           0396
        UCB1CTLW0                           05C0
        UCB1CTLW0_H                         05C1
        UCB1CTLW0_L                         05C0
        UCB1BRW                             05C6
        UCB1BRW_H                           05C7
        UCB1BRW_L                           05C6
        UCB1RXBUF                           05CC
        UCB1RXBUF_H                         05CD
        UCB1RXBUF_L                         05CC
        UCB1TXBUF                           05CE
        UCB1TXBUF_H                         05CF
        UCB1TXBUF_L                         05CE
        UCB1IFG                             05EC
        UCB1IFG_H                           05ED
        UCB1IFG_L                           05EC
led ( C:\Users\platy\Desktop\ECE-306_Code\Project_06\Debug\Obj\led.r43 )
        _A_PAOUT_L                          0202
        _A_PCOUT_L                          0242
        Init_LEDs                           NOT NEEDED
        ?setjmp_save_r4                     NOT NEEDED
        ?setjmp_save_r5                     NOT NEEDED
        PAOUT                               0202
        PAOUT_H                             0203
        PAOUT_L                             0202
        PCOUT                               0242
        PCOUT_H                             0243
        PCOUT_L                             0242
main ( C:\Users\platy\Desktop\ECE-306_Code\Project_06\Debug\Obj\main.r43 )
        _A_PM5CTL0_L                        NOT NEEDED
        slow_input_down                     NOT NEEDED
        display_mode                        NOT NEEDED
        prevTime_Sequence                   NOT NEEDED
        myTime                              NOT NEEDED
        buttonState                         NOT NEEDED
        one_time                            NOT NEEDED
        test_value                          NOT NEEDED
        chosen_direction                    NOT NEEDED
        change                              NOT NEEDED
        num_presses                         NOT NEEDED
        emitter_display_change              NOT NEEDED
        wheel_state                         202E
        black_line_flag                     2030
        wait_count                          2032
        main                                8288
        clear_LCD                           NOT NEEDED
        ?setjmp_save_r4                     NOT NEEDED
        ?setjmp_save_r5                     NOT NEEDED
        PM5CTL0                             0130
        PM5CTL0_H                           0131
        PM5CTL0_L                           0130
ports ( C:\Users\platy\Desktop\ECE-306_Code\Project_06\Debug\Obj\ports.r43 )
        _A_PAOUT_L                          NOT NEEDED
        _A_PADIR_L                          0204
        _A_PAREN_L                          0206
        _A_PASEL0_L                         020A
        _A_PASEL1_L                         020C
        _A_PAIES_L                          0218
        _A_PAIE_L                           NOT NEEDED
        _A_PAIFG_L                          NOT NEEDED
        _A_PBOUT_L                          NOT NEEDED
        _A_PBDIR_L                          0224
        _A_PBREN_L                          0226
        _A_PBSEL0_L                         022A
        _A_PBSEL1_L                         022C
        _A_PBIES_L                          0238
        _A_PBIE_L                           NOT NEEDED
        _A_PBIFG_L                          NOT NEEDED
        _A_PCOUT_L                          NOT NEEDED
        _A_PCDIR_L                          0244
        _A_PCSEL0_L                         024A
        _A_PCSEL1_L                         024C
        Init_Port1                          891E
        Init_Port2                          8656
        Init_Port3                          8474
        Init_Port4                          86E0
        Init_Port5                          88BC
        Init_Port6                          8766
        Init_Ports                          8C96
        ?setjmp_save_r4                     NOT NEEDED
        ?setjmp_save_r5                     NOT NEEDED
        PAOUT                               0202
        PAOUT_H                             0203
        PAOUT_L                             0202
        PADIR                               0204
        PADIR_H                             0205
        PADIR_L                             0204
        PAREN                               0206
        PAREN_H                             0207
        PAREN_L                             0206
        PASEL0                              020A
        PASEL0_H                            020B
        PASEL0_L                            020A
        PASEL1                              020C
        PASEL1_H                            020D
        PASEL1_L                            020C
        PAIES                               0218
        PAIES_H                             0219
        PAIES_L                             0218
        PAIE                                021A
        PAIE_H                              021B
        PAIE_L                              021A
        PAIFG                               021C
        PAIFG_H                             021D
        PAIFG_L                             021C
        PBOUT                               0222
        PBOUT_H                             0223
        PBOUT_L                             0222
        PBDIR                               0224
        PBDIR_H                             0225
        PBDIR_L                             0224
        PBREN                               0226
        PBREN_H                             0227
        PBREN_L                             0226
        PBSEL0                              022A
        PBSEL0_H                            022B
        PBSEL0_L                            022A
        PBSEL1                              022C
        PBSEL1_H                            022D
        PBSEL1_L                            022C
        PBIES                               0238
        PBIES_H                             0239
        PBIES_L                             0238
        PBIE                                023A
        PBIE_H                              023B
        PBIE_L                              023A
        PBIFG                               023C
        PBIFG_H                             023D
        PBIFG_L                             023C
        PCOUT                               0242
        PCOUT_H                             0243
        PCOUT_L                             0242
        PCDIR                               0244
        PCDIR_H                             0245
        PCDIR_L                             0244
        PCSEL0                              024A
        PCSEL0_H                            024B
        PCSEL0_L                            024A
        PCSEL1                              024C
        PCSEL1_H                            024D
        PCSEL1_L                            024C
switches ( C:\Users\platy\Desktop\ECE-306_Code\Project_06\Debug\Obj\switches.r43 )
        Switches_Process                    8980
        ?setjmp_save_r4                     NOT NEEDED
        ?setjmp_save_r5                     NOT NEEDED
system ( C:\Users\platy\Desktop\ECE-306_Code\Project_06\Debug\Obj\system.r43 )
        ?setjmp_save_r4                     NOT NEEDED
        ?setjmp_save_r5                     NOT NEEDED
timers ( C:\Users\platy\Desktop\ECE-306_Code\Project_06\Debug\Obj\timers.r43 )
        _A_TB0CTL_L                         0380
        _A_TB0CCTL0_L                       NOT NEEDED
        _A_TB0CCTL1_L                       NOT NEEDED
        _A_TB0CCTL2_L                       NOT NEEDED
        _A_TB0CCR0_L                        NOT NEEDED
        _A_TB0CCR1_L                        NOT NEEDED
        _A_TB0CCR2_L                        NOT NEEDED
        _A_TB0EX0_L                         03A0
        _A_TB3CTL_L                         0440
        _A_TB3CCTL1_L                       0444
        _A_TB3CCTL2_L                       0446
        _A_TB3CCTL3_L                       0448
        _A_TB3CCTL4_L                       044A
        _A_TB3CCR0_L                        0452
        _A_TB3CCR1_L                        NOT NEEDED
        _A_TB3CCR2_L                        NOT NEEDED
        _A_TB3CCR3_L                        NOT NEEDED
        _A_TB3CCR4_L                        NOT NEEDED
        shapeCount                          NOT NEEDED
        wheelCount                          NOT NEEDED
        Init_Timer_B0                       8A2E
        Init_Timer_B3                       8ABC
        ?setjmp_save_r4                     NOT NEEDED
        ?setjmp_save_r5                     NOT NEEDED
        TB0CTL                              0380
        TB0CTL_H                            0381
        TB0CTL_L                            0380
        TB0CCTL0                            0382
        TB0CCTL0_H                          0383
        TB0CCTL0_L                          0382
        TB0CCTL1                            0384
        TB0CCTL1_H                          0385
        TB0CCTL1_L                          0384
        TB0CCTL2                            0386
        TB0CCTL2_H                          0387
        TB0CCTL2_L                          0386
        TB0CCR0                             0392
        TB0CCR0_H                           0393
        TB0CCR0_L                           0392
        TB0CCR1                             0394
        TB0CCR1_H                           0395
        TB0CCR1_L                           0394
        TB0CCR2                             0396
        TB0CCR2_H                           0397
        TB0CCR2_L                           0396
        TB0EX0                              03A0
        TB0EX0_H                            03A1
        TB0EX0_L                            03A0
        TB3CTL                              0440
        TB3CTL_H                            0441
        TB3CTL_L                            0440
        TB3CCTL1                            0444
        TB3CCTL1_H                          0445
        TB3CCTL1_L                          0444
        TB3CCTL2                            0446
        TB3CCTL2_H                          0447
        TB3CCTL2_L                          0446
        TB3CCTL3                            0448
        TB3CCTL3_H                          0449
        TB3CCTL3_L                          0448
        TB3CCTL4                            044A
        TB3CCTL4_H                          044B
        TB3CCTL4_L                          044A
        TB3CCR0                             0452
        TB3CCR0_H                           0453
        TB3CCR0_L                           0452
        TB3CCR1                             0454
        TB3CCR1_H                           0455
        TB3CCR1_L                           0454
        TB3CCR2                             0456
        TB3CCR2_H                           0457
        TB3CCR2_L                           0456
        TB3CCR3                             0458
        TB3CCR3_H                           0459
        TB3CCR3_L                           0458
        TB3CCR4                             045A
        TB3CCR4_H                           045B
        TB3CCR4_L                           045A
wheels ( C:\Users\platy\Desktop\ECE-306_Code\Project_06\Debug\Obj\wheels.r43 )
        _A_TB3CCR1_L                        NOT NEEDED
        _A_TB3CCR2_L                        NOT NEEDED
        _A_TB3CCR3_L                        NOT NEEDED
        _A_TB3CCR4_L                        NOT NEEDED
        waitCount                           NOT NEEDED
        stop_Movement                       8DA6
        move_Forward                        8CDE
        move_Reverse                        NOT NEEDED
        spin_CW                             8CC8
        spin_CCW                            NOT NEEDED
        turn_CW                             NOT NEEDED
        ?setjmp_save_r4                     NOT NEEDED
        ?setjmp_save_r5                     NOT NEEDED
        TB3CCR1                             0454
        TB3CCR1_H                           0455
        TB3CCR1_L                           0454
        TB3CCR2                             0456
        TB3CCR2_H                           0457
        TB3CCR2_L                           0456
        TB3CCR3                             0458
        TB3CCR3_H                           0459
        TB3CCR3_L                           0458
        TB3CCR4                             045A
        TB3CCR4_H                           045B
        TB3CCR4_L                           045A
?abort ( C:\Program Files (x86)\IAR Systems\Embedded Workbench 8.0\430\lib\dlib\dl430xlsfn.r43 )
        abort                               NOT NEEDED
?__dbg_break ( C:\Program Files (x86)\IAR Systems\Embedded Workbench 8.0\430\lib\dlib\dl430xlsfn.r43 )
        __DebugBreak                        8E3C
?__dwrite ( C:\Program Files (x86)\IAR Systems\Embedded Workbench 8.0\430\lib\dlib\dl430xlsfn.r43 )
        __dwrite                            NOT NEEDED
?__exit ( C:\Program Files (x86)\IAR Systems\Embedded Workbench 8.0\430\lib\dlib\dl430xlsfn.r43 )
        __exit                              8D0A
?__write ( C:\Program Files (x86)\IAR Systems\Embedded Workbench 8.0\430\lib\dlib\dl430xlsfn.r43 )
        __write                             NOT NEEDED
?_exit ( C:\Program Files (x86)\IAR Systems\Embedded Workbench 8.0\430\lib\dlib\dl430xlsfn.r43 )
        _exit                               8E38
        __cstart_call_dtors                 NOT NEEDED
        __cstart_closeall                   NOT NEEDED
        __cstart_clearlocks                 NOT NEEDED
?cppinit ( C:\Program Files (x86)\IAR Systems\Embedded Workbench 8.0\430\lib\dlib\dl430xlsfn.r43 )
        __call_ctors                        NOT NEEDED
        __alloc_record_needed_destruction   NOT NEEDED
        __record_needed_destruction         NOT NEEDED
        __call_dtors                        NOT NEEDED
        __data16_vec_cctor                  NOT NEEDED
?cstart ( C:\Program Files (x86)\IAR Systems\Embedded Workbench 8.0\430\lib\dlib\dl430xlsfn.r43 )
        __program_start                     8036
        ?cstart_begin                       8036
        ?cstart_call_mpu_init               NOT NEEDED
        ?cstart_call_frwp_init              NOT NEEDED
        ?cstart_call_low_level_init         NOT NEEDED
        ?cstart_init_copy_ramfunc           NOT NEEDED
        ?cstart_init_zero                   803A
        ?cstart_init_copy                   8046
        ?cstart_init_zero20                 NOT NEEDED
        ?cstart_init_copy20                 NOT NEEDED
        __cstart_init_tls                   NOT NEEDED
        ?cstart_call_ctors                  NOT NEEDED
        ?cstart_call_main                   8056
        ?cstart_end                         805E
lowinit ( C:\Program Files (x86)\IAR Systems\Embedded Workbench 8.0\430\lib\dlib\dl430xlsfn.r43 )
        __low_level_init                    NOT NEEDED
?reset_vector ( C:\Program Files (x86)\IAR Systems\Embedded Workbench 8.0\430\lib\dlib\dl430xlsfn.r43 )
        ?reset_vector                       FFFE
?exit ( C:\Program Files (x86)\IAR Systems\Embedded Workbench 8.0\430\lib\dlib\dl430xlsfn.r43 )
        exit                                8E34
?FrwpInit ( C:\Program Files (x86)\IAR Systems\Embedded Workbench 8.0\430\lib\dlib\dl430xlsfn.r43 )
        __iar_430_frwp_init                 NOT NEEDED
?malloc ( C:\Program Files (x86)\IAR Systems\Embedded Workbench 8.0\430\lib\dlib\dl430xlsfn.r43 )
        malloc                              NOT NEEDED
?memcpy ( C:\Program Files (x86)\IAR Systems\Embedded Workbench 8.0\430\lib\dlib\dl430xlsfn.r43 )
        memcpy                              8D94
?memmove ( C:\Program Files (x86)\IAR Systems\Embedded Workbench 8.0\430\lib\dlib\dl430xlsfn.r43 )
        memmove                             NOT NEEDED
?memzero ( C:\Program Files (x86)\IAR Systems\Embedded Workbench 8.0\430\lib\dlib\dl430xlsfn.r43 )
        __data16_memzero                    8DCA
        __data16_memcpy                     8E30
        __data16_memmove                    NOT NEEDED
?MpuInit ( C:\Program Files (x86)\IAR Systems\Embedded Workbench 8.0\430\lib\dlib\dl430xlsfn.r43 )
        __iar_430_mpu_init                  NOT NEEDED
        ?mpu1_4k_init                       NOT NEEDED
        ?mpu1_8k_init                       NOT NEEDED
        ?mpu1_16k_init                      NOT NEEDED
        ?mpu2_init                          NOT NEEDED
?setjmp ( C:\Program Files (x86)\IAR Systems\Embedded Workbench 8.0\430\lib\dlib\dl430xlsfn.r43 )
        setjmp                              NOT NEEDED
        ?setjmp_r5                          NOT NEEDED
        ?setjmp_r4                          NOT NEEDED
        ?setjmp_end                         NOT NEEDED
?longjmp ( C:\Program Files (x86)\IAR Systems\Embedded Workbench 8.0\430\lib\dlib\dl430xlsfn.r43 )
        longjmp                             NOT NEEDED
        ?longjmp_r5                         NOT NEEDED
        ?longjmp_r4                         NOT NEEDED
        ?longjmp_end                        NOT NEEDED
?IndCallR11 ( C:\Program Files (x86)\IAR Systems\Embedded Workbench 8.0\430\lib\dlib\dl430xlsfn.r43 )
        ?IndCallR11                         NOT NEEDED
?IndCallR15 ( C:\Program Files (x86)\IAR Systems\Embedded Workbench 8.0\430\lib\dlib\dl430xlsfn.r43 )
        ?IndCallR15                         NOT NEEDED
?strcat ( C:\Program Files (x86)\IAR Systems\Embedded Workbench 8.0\430\lib\dlib\dl430xlsfn.r43 )
        strcat                              8CB0
?strcpy ( C:\Program Files (x86)\IAR Systems\Embedded Workbench 8.0\430\lib\dlib\dl430xlsfn.r43 )
        strcpy                              8DDA
?xcloseall ( C:\Program Files (x86)\IAR Systems\Embedded Workbench 8.0\430\lib\dlib\dl430xlsfn.r43 )
        _Close_all                          NOT NEEDED
?xgetmemchunk ( C:\Program Files (x86)\IAR Systems\Embedded Workbench 8.0\430\lib\dlib\dl430xlsfn.r43 )
        __data16_GetMemChunk                NOT NEEDED
?xxmemxfree ( C:\Program Files (x86)\IAR Systems\Embedded Workbench 8.0\430\lib\dlib\dl430xlsfn.r43 )
        __data16_free                       NOT NEEDED
?xxmemxmalloc ( C:\Program Files (x86)\IAR Systems\Embedded Workbench 8.0\430\lib\dlib\dl430xlsfn.r43 )
        __data16_Aldata                     NOT NEEDED
        __data16_malloc                     NOT NEEDED
        __data16_findmem                     LOCAL, NOT NEEDED


                ****************************************
                *                                      *
                *            MODULE SUMMARY            *
                *                                      *
                ****************************************

Module               CODE      DATA      CONST
------               ----      ----      -----
                    (Rel)  (Rel)  (Abs)  (Rel)
?__dbg_break            2
?__exit                20
?_exit                  4
?cstart                40
?exit                   4
?memcpy                18
?memzero               20
?reset_vector           2
?strcat                24
?strcpy                16
ADC                   302     12             7
  + shared                            2
LCD                   668     57     10
  + shared                            2
clocks                320            18
  + shared                            2
init                  224             6
  + shared                           12
interrupt_ports       278     14      4      2
  + shared             60            10
  + common
interrupt_timers      276     14      2
  + shared             88             8
  + common
led
  + shared                            4
main                  274      6            11
ports                 810            26
switches               94                   33
timers                136            16
wheels                 62
N/A (command line)           160
N/A (alignment)
----------          -----    ---    ---     --
Total:              3 594    263    122     53
  + common             88


                ****************************************
                *                                      *
                *      SEGMENTS IN ADDRESS ORDER       *
                *                                      *
                ****************************************


SEGMENT              SPACE    START ADDRESS   END ADDRESS     SIZE  TYPE  ALIGN
=======              =====    =============   ===========     ====  ====  =====
DATA16_AN                              0102 - 0103               2   rel    0
                                       0130 - 0131               2 
                                       0180 - 018B               C 
                                       018E - 018F               2 
                                       01CC - 01CD               2 
                                       0202 - 0207               6 
                                       020A - 020D               4 
                                       0218 - 021D               6 
                                       0222 - 0227               6 
                                       022A - 022D               4 
                                       0238 - 023D               6 
                                       0242 - 0245               4 
                                       024A - 024D               4 
                                       0380 - 0387               8 
                                       0392 - 0397               6 
                                       03A0 - 03A1               2 
                                       03AE - 03AF               2 
                                       0440 - 0441               2 
                                       0444 - 044B               8 
                                       0452 - 045B               A 
                                       05C0 - 05C1               2 
                                       05C6 - 05C7               2 
                                       05CC - 05CF               4 
                                       05EC - 05ED               2 
                                       0700 - 0705               6 
                                       070A - 070B               2 
                                       0712 - 0713               2 
                                       071A - 071B               2 
                                       071E - 071F               2 
DATA16_I                               2000 - 2008               9   rel    1
DATA16_Z                               200A - 2067              5E   rel    1
DATA20_I                                  2068                       rel    1
DATA20_Z                                  2068                       rel    1
DATA20_N                                  2068                       rel    1
CODE_I                                    2068                       rel    1
CSTACK                                 2F60 - 2FFF              A0   rel    1
DATA16_C                               8000 - 802B              2C   rel    0
DATA16_ID                              802C - 8034               9   rel    1
DATA20_ID                                 8036                       rel    1
DATA20_C                                  8036                       rel    1
CSTART                                 8036 - 805D              28   rel    1
ISR_CODE                               805E - 8287             22A   rel    1
CODE_ID                                   8288                       rel    1
<CODE> 1                               8288 - 8E3D             BB6   rel    1
INTVEC                                 FFA2 - FFF9              58   com    1
RESET                                  FFFE - FFFF               2   rel    1

                ****************************************
                *                                      *
                *        END OF CROSS REFERENCE        *
                *                                      *
                ****************************************

 3 682 bytes of CODE  memory
   263 bytes of DATA  memory (+ 122 absolute )
    53 bytes of CONST memory

Errors: none
Warnings: none

